// Jest Snapshot v1, https://goo.gl/fbAQLP

exports[`testing <Avatar /> matches snapshot 1`] = `
.c0 {
  display: -webkit-box;
  display: -webkit-flex;
  display: -ms-flexbox;
  display: flex;
  -webkit-box-pack: center;
  -webkit-justify-content: center;
  -ms-flex-pack: center;
  justify-content: center;
  -webkit-align-items: center;
  -webkit-box-align: center;
  -ms-flex-align: center;
  align-items: center;
  min-width: 50px;
  min-height: 50px;
  max-width: 50px;
  max-height: 50px;
  border-radius: 50%;
  margin: 0 15px;
  font-weight: bold;
  font-size: 24px;
  background: #27b8b2;
  color: #d8474d;
}

<div
  className="c0"
>
  TE
</div>
`;
